I'm sorry, but errors were detected in your script. Please correct the
errors listed below, and try again.


File "game/script.rpy", line 272: expected statement.
    at sopa_de_letras_position
                              ^

Ren'Py Version: Ren'Py 8.3.2.24090902
Sun Oct  6 08:32:14 2024
